============================================================
SIMULADOR DE MEMÓRIA - Estatísticas de Acesso
============================================================
Política de Substituição:   LRU
Tamanho da Página:          4096 bytes
Entradas na TLB:            16
Número de Frames:           64
------------------------------------------------------------
TLB Hits:                   325
TLB Misses:                 475
Page Faults:                226
============================================================
